fase1.c:29:6:InitializeTMR2	24	static
fase1.c:44:6:InitializeTMR5	24	static
fase1.c:59:6:InitializeTMR3	40	static
fase1.c:93:6:InitializeTMR10	48	static
fase1.c:122:6:InitializeTMR11	48	static
fase1.c:151:6:InitializePWM3	16	static
fase1.c:168:6:InitializePWM10	16	static
fase1.c:183:6:InitializePWM11	16	static
fase1.c:198:6:InitializeLED	16	static
fase1.c:210:6:InitializeUserButton	16	static
fase1.c:223:6:InitializeTestPorts	24	static
fase1.c:249:6:EnableInterrupts	40	static
fase1.c:298:6:EnableTimerInterrupt	16	static
fase1.c:314:6:EXTI0_IRQHandler	8	static
fase1.c:327:6:EXTI2_IRQHandler	8	static
fase1.c:335:6:TIM2_IRQHandler	8	static
fase1.c:359:6:TIM5_IRQHandler	8	static
fase1.c:375:6:calculateSpeedLeft	4	static
fase1.c:386:6:calculateSpeedRight	4	static
fase1.c:391:6:setNInt	16	static
fase1.c:395:6:setTRight	16	static
fase1.c:399:6:setTLeft	16	static
fase1.c:402:6:setMode	16	static
fase1.c:405:6:setTOn	16	static
fase1.c:408:6:setDutyCycle	16	static
fase1.c:412:5:getMode	4	static
